I2CDev.h:40:8:readBit	32	static
I2CDev.h:47:8:readBits	32	static
I2CDev.h:63:8:readByte	32	static
I2CDev.h:67:8:readBytes	40	static
I2CDev.h:73:8:readWord	40	static
I2CDev.h:81:8:read32Bits	48	static
I2CDev.h:92:6:writeBit	32	static
I2CDev.h:99:6:writeBits	32	static
I2CDev.h:120:6:writeByte	24	static
I2CDev.h:124:6:writeBytes	40	static
I2CDev.h:129:6:writeWord	32	static
I2CDev.h:136:6:write32Bits	40	static
VL53L0X.c:25:6:init_VL53L0X	8	static
VL53L0X.c:69:6:setup_VL53L0X	16	static
VL53L0X.c:75:6:setAddress	16	static
VL53L0X.c:81:9:getAddress	16	static
VL53L0X.c:86:9:getWhoAmI	16	static
VL53L0X.c:99:6:init	40	static
VL53L0X.c:326:6:writeReg	16	static
VL53L0X.c:335:6:writeReg16Bit	16	static
VL53L0X.c:342:6:writeReg32Bit	24	static
VL53L0X.c:349:9:readReg	32	static
VL53L0X.c:359:10:readReg16Bit	32	static
VL53L0X.c:369:10:readReg32Bit	32	static
VL53L0X.c:388:6:setSignalRateLimit	16	static
VL53L0X.c:398:7:getSignalRateLimit	16	static
VL53L0X.c:410:6:setMeasurementTimingBudget	80	static
VL53L0X.c:499:10:getMeasurementTimingBudget	64	static
VL53L0X.c:553:6:setVcselPulsePeriod	56	static
VL53L0X.c:730:9:getVcselPulsePeriod	16	static
VL53L0X.c:749:6:startContinuous	24	static
VL53L0X.c:788:6:stopContinuous	16	static
VL53L0X.c:802:10:readRangeContinuousMillimeters	24	static
VL53L0X.c:832:10:readRangeSingleMillimeters	16	static
VL53L0X.c:858:6:setTimeout	16	static
VL53L0X.c:863:10:getTimeout	16	static
VL53L0X.c:870:6:timeoutOccurred	24	static
VL53L0X.c:882:6:getSpadInfo	32	static
VL53L0X.c:924:6:getSequenceStepEnables	24	static
VL53L0X.c:939:6:getSequenceStepTimeouts	24	static
VL53L0X.c:973:10:decodeTimeout	16	static
VL53L0X.c:984:10:encodeTimeout	24	static
VL53L0X.c:1008:10:timeoutMclksToMicroseconds	24	static
VL53L0X.c:1017:10:timeoutMicrosecondsToMclks	24	static
VL53L0X.c:1026:6:performSingleRefCalibration	16	static
VL53L0X.c:1046:6:startTimeout	16	static
VL53L0X.c:1052:6:checkTimeoutExpired	16	static
VL53L0X.c:1067:9:decodeVcselPeriod	16	static
VL53L0X.c:1074:9:encodeVcselPeriod	16	static
VL53L0X.c:1082:10:calcMacroPeriod	16	static
VL53L0X.c:1090:6:I2C_Read_Byte	24	static
VL53L0X.c:1105:6:I2C_Write_Byte	32	static
VL53L0X.c:1115:6:readMulti	32	static
VL53L0X.c:1132:7:writeMulti	40	static
